(
 :root-dir "/drone/src/github.com/ensime/ensime-sbt/testing/ensime-server-8ae9c30631030a9e828426fc021a7eb80c71cd42/project"
 :cache-dir "/drone/src/github.com/ensime/ensime-sbt/testing/ensime-server-8ae9c30631030a9e828426fc021a7eb80c71cd42/project/.ensime_cache"
 :name "ensime-server-8ae9c30631030a9e828426fc021a7eb80c71cd42-meta"
 :java-home "/usr/lib/jvm/java-1.6.0-openjdk-amd64"
 :java-flags ("-XX:MaxPermSize=256m" "-Xmx2g" "-Xss2m")
 :reference-source-roots ("/usr/lib/jvm/java-1.6.0-openjdk-amd64/src.zip")
 :scala-version "2.10.5"
 :compiler-args ("-Xfuture" "-Xlint" "-Yinline-warnings" "-Yno-adapted-args" "-Ywarn-dead-code" "-Ywarn-numeric-widen" "-deprecation" "-feature")
 :formatting-prefs nil
 :subprojects ((
   :name "ensime-server-8ae9c30631030a9e828426fc021a7eb80c71cd42-meta"
   :source-roots ("/drone/src/github.com/ensime/ensime-sbt/testing/ensime-server-8ae9c30631030a9e828426fc021a7eb80c71cd42/project")
   :targets ("/drone/src/github.com/ensime/ensime-sbt/testing/ensime-server-8ae9c30631030a9e828426fc021a7eb80c71cd42/project/target/scala-2.10/sbt-0.13/classes")
   :test-targets nil
   :depends-on-modules nil
   :compile-deps ("/root/.ivy2/cache/org.pantsbuild.jarjar/jarjar/jars/jarjar-1.5.jar" "/root/.ivy2/cache/org.scalactic/scalactic_2.10/bundles/scalactic_2.10-2.2.1.jar" "/root/.ivy2/cache/org.scalariform/scalariform_2.10/jars/scalariform_2.10-0.1.7.jar" "/root/.ivy2/cache/org.scoverage/scalac-scoverage-plugin_2.10/jars/scalac-scoverage-plugin_2.10-1.1.1.jar" "/root/.ivy2/cache/scala_2.10/sbt_0.13/com.eed3si9n/sbt-assembly/jars/sbt-assembly-0.14.0.jar" "/root/.ivy2/cache/scala_2.10/sbt_0.13/org.scalariform/sbt-scalariform/jars/sbt-scalariform-1.5.1.jar" "/root/.ivy2/cache/scala_2.10/sbt_0.13/org.scoverage/sbt-scoverage/jars/sbt-scoverage-1.3.3.jar" "/root/.ivy2/local/org.ensime/ensime-sbt/scala_2.10/sbt_0.13/0.2.3-SNAPSHOT/jars/ensime-sbt.jar" "/root/.sbt/boot/scala-2.10.5/lib/jansi.jar" "/root/.sbt/boot/scala-2.10.5/lib/jline.jar" "/root/.sbt/boot/scala-2.10.5/lib/scala-compiler.jar" "/root/.sbt/boot/scala-2.10.5/lib/scala-library.jar" "/root/.sbt/boot/scala-2.10.5/lib/scala-reflect.jar" "/root/.sbt/boot/scala-2.10.5/org.scala-sbt/sbt/0.13.9/actions-0.13.9.jar" "/root/.sbt/boot/scala-2.10.5/org.scala-sbt/sbt/0.13.9/api-0.13.9.jar" "/root/.sbt/boot/scala-2.10.5/org.scala-sbt/sbt/0.13.9/apply-macro-0.13.9.jar" "/root/.sbt/boot/scala-2.10.5/org.scala-sbt/sbt/0.13.9/cache-0.13.9.jar" "/root/.sbt/boot/scala-2.10.5/org.scala-sbt/sbt/0.13.9/classfile-0.13.9.jar" "/root/.sbt/boot/scala-2.10.5/org.scala-sbt/sbt/0.13.9/classpath-0.13.9.jar" "/root/.sbt/boot/scala-2.10.5/org.scala-sbt/sbt/0.13.9/collections-0.13.9.jar" "/root/.sbt/boot/scala-2.10.5/org.scala-sbt/sbt/0.13.9/command-0.13.9.jar" "/root/.sbt/boot/scala-2.10.5/org.scala-sbt/sbt/0.13.9/compile-0.13.9.jar" "/root/.sbt/boot/scala-2.10.5/org.scala-sbt/sbt/0.13.9/compiler-integration-0.13.9.jar" "/root/.sbt/boot/scala-2.10.5/org.scala-sbt/sbt/0.13.9/compiler-ivy-integration-0.13.9.jar" "/root/.sbt/boot/scala-2.10.5/org.scala-sbt/sbt/0.13.9/completion-0.13.9.jar" "/root/.sbt/boot/scala-2.10.5/org.scala-sbt/sbt/0.13.9/control-0.13.9.jar" "/root/.sbt/boot/scala-2.10.5/org.scala-sbt/sbt/0.13.9/cross-0.13.9.jar" "/root/.sbt/boot/scala-2.10.5/org.scala-sbt/sbt/0.13.9/incremental-compiler-0.13.9.jar" "/root/.sbt/boot/scala-2.10.5/org.scala-sbt/sbt/0.13.9/io-0.13.9.jar" "/root/.sbt/boot/scala-2.10.5/org.scala-sbt/sbt/0.13.9/ivy-0.13.9.jar" "/root/.sbt/boot/scala-2.10.5/org.scala-sbt/sbt/0.13.9/ivy-2.3.0-sbt-c5d1b95fdcc1e1007740ffbecf4eb07abc51ec93.jar" "/root/.sbt/boot/scala-2.10.5/org.scala-sbt/sbt/0.13.9/jawn-parser_2.10-0.6.0.jar" "/root/.sbt/boot/scala-2.10.5/org.scala-sbt/sbt/0.13.9/jline-2.11.jar" "/root/.sbt/boot/scala-2.10.5/org.scala-sbt/sbt/0.13.9/jsch-0.1.46.jar" "/root/.sbt/boot/scala-2.10.5/org.scala-sbt/sbt/0.13.9/json4s-ast_2.10-3.2.10.jar" "/root/.sbt/boot/scala-2.10.5/org.scala-sbt/sbt/0.13.9/json4s-core_2.10-3.2.10.jar" "/root/.sbt/boot/scala-2.10.5/org.scala-sbt/sbt/0.13.9/json4s-support_2.10-0.6.0.jar" "/root/.sbt/boot/scala-2.10.5/org.scala-sbt/sbt/0.13.9/launcher-interface-1.0.0-M1.jar" "/root/.sbt/boot/scala-2.10.5/org.scala-sbt/sbt/0.13.9/logging-0.13.9.jar" "/root/.sbt/boot/scala-2.10.5/org.scala-sbt/sbt/0.13.9/logic-0.13.9.jar" "/root/.sbt/boot/scala-2.10.5/org.scala-sbt/sbt/0.13.9/main-0.13.9.jar" "/root/.sbt/boot/scala-2.10.5/org.scala-sbt/sbt/0.13.9/main-settings-0.13.9.jar" "/root/.sbt/boot/scala-2.10.5/org.scala-sbt/sbt/0.13.9/paranamer-2.6.jar" "/root/.sbt/boot/scala-2.10.5/org.scala-sbt/sbt/0.13.9/persist-0.13.9.jar" "/root/.sbt/boot/scala-2.10.5/org.scala-sbt/sbt/0.13.9/process-0.13.9.jar" "/root/.sbt/boot/scala-2.10.5/org.scala-sbt/sbt/0.13.9/quasiquotes_2.10-2.0.1.jar" "/root/.sbt/boot/scala-2.10.5/org.scala-sbt/sbt/0.13.9/relation-0.13.9.jar" "/root/.sbt/boot/scala-2.10.5/org.scala-sbt/sbt/0.13.9/run-0.13.9.jar" "/root/.sbt/boot/scala-2.10.5/org.scala-sbt/sbt/0.13.9/sbinary_2.10-0.4.2.jar" "/root/.sbt/boot/scala-2.10.5/org.scala-sbt/sbt/0.13.9/sbt-0.13.9.jar" "/root/.sbt/boot/scala-2.10.5/org.scala-sbt/sbt/0.13.9/scala-pickling_2.10-0.10.0.jar" "/root/.sbt/boot/scala-2.10.5/org.scala-sbt/sbt/0.13.9/scala-reflect-2.10.5.jar" "/root/.sbt/boot/scala-2.10.5/org.scala-sbt/sbt/0.13.9/serialization_2.10-0.1.1.jar" "/root/.sbt/boot/scala-2.10.5/org.scala-sbt/sbt/0.13.9/task-system-0.13.9.jar" "/root/.sbt/boot/scala-2.10.5/org.scala-sbt/sbt/0.13.9/tasks-0.13.9.jar" "/root/.sbt/boot/scala-2.10.5/org.scala-sbt/sbt/0.13.9/test-agent-0.13.9.jar" "/root/.sbt/boot/scala-2.10.5/org.scala-sbt/sbt/0.13.9/test-interface-1.0.jar" "/root/.sbt/boot/scala-2.10.5/org.scala-sbt/sbt/0.13.9/testing-0.13.9.jar" "/root/.sbt/boot/scala-2.10.5/org.scala-sbt/sbt/0.13.9/tracking-0.13.9.jar" "/root/.sbt/boot/scala-2.10.5/org.scala-sbt/sbt/0.13.9/xsbti/interface-0.13.9.jar")
   :runtime-deps nil
   :test-deps nil
   :doc-jars nil
   :reference-source-roots ("/root/.ivy2/cache/com.jcraft/jsch/srcs/jsch-0.1.46-sources.jar" "/root/.ivy2/cache/com.thoughtworks.paranamer/paranamer/srcs/paranamer-2.6-sources.jar" "/root/.ivy2/cache/jline/jline/srcs/jline-2.11-sources.jar" "/root/.ivy2/cache/org.json4s/json4s-ast_2.10/srcs/json4s-ast_2.10-3.2.10-sources.jar" "/root/.ivy2/cache/org.json4s/json4s-core_2.10/srcs/json4s-core_2.10-3.2.10-sources.jar" "/root/.ivy2/cache/org.pantsbuild.jarjar/jarjar/srcs/jarjar-1.5-sources.jar" "/root/.ivy2/cache/org.scala-lang.modules/scala-pickling_2.10/srcs/scala-pickling_2.10-0.10.0-sources.jar" "/root/.ivy2/cache/org.scala-lang/scala-compiler/srcs/scala-compiler-2.10.5-sources.jar" "/root/.ivy2/cache/org.scala-lang/scala-library/srcs/scala-library-2.10.5-sources.jar" "/root/.ivy2/cache/org.scala-lang/scala-reflect/srcs/scala-reflect-2.10.5-sources.jar" "/root/.ivy2/cache/org.scala-sbt.ivy/ivy/srcs/ivy-2.3.0-sbt-c5d1b95fdcc1e1007740ffbecf4eb07abc51ec93-sources.jar" "/root/.ivy2/cache/org.scala-sbt/actions/srcs/actions-0.13.9-sources.jar" "/root/.ivy2/cache/org.scala-sbt/api/srcs/api-0.13.9-sources.jar" "/root/.ivy2/cache/org.scala-sbt/apply-macro/srcs/apply-macro-0.13.9-sources.jar" "/root/.ivy2/cache/org.scala-sbt/cache/srcs/cache-0.13.9-sources.jar" "/root/.ivy2/cache/org.scala-sbt/classfile/srcs/classfile-0.13.9-sources.jar" "/root/.ivy2/cache/org.scala-sbt/classpath/srcs/classpath-0.13.9-sources.jar" "/root/.ivy2/cache/org.scala-sbt/collections/srcs/collections-0.13.9-sources.jar" "/root/.ivy2/cache/org.scala-sbt/command/srcs/command-0.13.9-sources.jar" "/root/.ivy2/cache/org.scala-sbt/compile/srcs/compile-0.13.9-sources.jar" "/root/.ivy2/cache/org.scala-sbt/compiler-integration/srcs/compiler-integration-0.13.9-sources.jar" "/root/.ivy2/cache/org.scala-sbt/compiler-ivy-integration/srcs/compiler-ivy-integration-0.13.9-sources.jar" "/root/.ivy2/cache/org.scala-sbt/completion/srcs/completion-0.13.9-sources.jar" "/root/.ivy2/cache/org.scala-sbt/control/srcs/control-0.13.9-sources.jar" "/root/.ivy2/cache/org.scala-sbt/cross/srcs/cross-0.13.9-sources.jar" "/root/.ivy2/cache/org.scala-sbt/incremental-compiler/srcs/incremental-compiler-0.13.9-sources.jar" "/root/.ivy2/cache/org.scala-sbt/interface/srcs/interface-0.13.9-sources.jar" "/root/.ivy2/cache/org.scala-sbt/io/srcs/io-0.13.9-sources.jar" "/root/.ivy2/cache/org.scala-sbt/ivy/srcs/ivy-0.13.9-sources.jar" "/root/.ivy2/cache/org.scala-sbt/launcher-interface/srcs/launcher-interface-1.0.0-M1-sources.jar" "/root/.ivy2/cache/org.scala-sbt/logging/srcs/logging-0.13.9-sources.jar" "/root/.ivy2/cache/org.scala-sbt/logic/srcs/logic-0.13.9-sources.jar" "/root/.ivy2/cache/org.scala-sbt/main-settings/srcs/main-settings-0.13.9-sources.jar" "/root/.ivy2/cache/org.scala-sbt/main/srcs/main-0.13.9-sources.jar" "/root/.ivy2/cache/org.scala-sbt/persist/srcs/persist-0.13.9-sources.jar" "/root/.ivy2/cache/org.scala-sbt/precompiled-2_8_2/srcs/precompiled-2_8_2-0.13.9-sources.jar" "/root/.ivy2/cache/org.scala-sbt/precompiled-2_9_2/srcs/precompiled-2_9_2-0.13.9-sources.jar" "/root/.ivy2/cache/org.scala-sbt/precompiled-2_9_3/srcs/precompiled-2_9_3-0.13.9-sources.jar" "/root/.ivy2/cache/org.scala-sbt/process/srcs/process-0.13.9-sources.jar" "/root/.ivy2/cache/org.scala-sbt/relation/srcs/relation-0.13.9-sources.jar" "/root/.ivy2/cache/org.scala-sbt/run/srcs/run-0.13.9-sources.jar" "/root/.ivy2/cache/org.scala-sbt/sbt/srcs/sbt-0.13.9-sources.jar" "/root/.ivy2/cache/org.scala-sbt/serialization_2.10/srcs/serialization_2.10-0.1.1-sources.jar" "/root/.ivy2/cache/org.scala-sbt/task-system/srcs/task-system-0.13.9-sources.jar" "/root/.ivy2/cache/org.scala-sbt/tasks/srcs/tasks-0.13.9-sources.jar" "/root/.ivy2/cache/org.scala-sbt/test-agent/srcs/test-agent-0.13.9-sources.jar" "/root/.ivy2/cache/org.scala-sbt/test-interface/srcs/test-interface-1.0-sources.jar" "/root/.ivy2/cache/org.scala-sbt/testing/srcs/testing-0.13.9-sources.jar" "/root/.ivy2/cache/org.scala-sbt/tracking/srcs/tracking-0.13.9-sources.jar" "/root/.ivy2/cache/org.scala-tools.sbinary/sbinary_2.10/srcs/sbinary_2.10-0.4.2-sources.jar" "/root/.ivy2/cache/org.scalactic/scalactic_2.10/srcs/scalactic_2.10-2.2.1-sources.jar" "/root/.ivy2/cache/org.scalamacros/quasiquotes_2.10/srcs/quasiquotes_2.10-2.0.1-sources.jar" "/root/.ivy2/cache/org.scalariform/scalariform_2.10/srcs/scalariform_2.10-0.1.7-sources.jar" "/root/.ivy2/cache/org.scoverage/scalac-scoverage-plugin_2.10/srcs/scalac-scoverage-plugin_2.10-1.1.1-sources.jar" "/root/.ivy2/cache/org.spire-math/jawn-parser_2.10/srcs/jawn-parser_2.10-0.6.0-sources.jar" "/root/.ivy2/cache/org.spire-math/json4s-support_2.10/srcs/json4s-support_2.10-0.6.0-sources.jar" "/root/.ivy2/cache/scala_2.10/sbt_0.13/com.eed3si9n/sbt-assembly/srcs/sbt-assembly-0.14.0-sources.jar" "/root/.ivy2/cache/scala_2.10/sbt_0.13/org.scalariform/sbt-scalariform/srcs/sbt-scalariform-1.5.1-sources.jar" "/root/.ivy2/cache/scala_2.10/sbt_0.13/org.scoverage/sbt-scoverage/srcs/sbt-scoverage-1.3.3-sources.jar" "/root/.ivy2/local/org.ensime/ensime-sbt/scala_2.10/sbt_0.13/0.2.3-SNAPSHOT/srcs/ensime-sbt-sources.jar")))
)
